// Jest Snapshot v1, https://goo.gl/fbAQLP

exports[`Home renders screen as expected 1`] = `
<View
  style={
    Object {
      "backgroundColor": "#E5E5E5",
      "flex": 1,
    }
  }
>
  <RCTScrollView
    data={Array []}
    disableVirtualization={false}
    getItem={[Function]}
    getItemCount={[Function]}
    horizontal={false}
    initialNumToRender={10}
    keyExtractor={[Function]}
    maxToRenderPerBatch={10}
    onContentSizeChange={[Function]}
    onEndReachedThreshold={2}
    onLayout={[Function]}
    onMomentumScrollEnd={[Function]}
    onScroll={[Function]}
    onScrollBeginDrag={[Function]}
    onScrollEndDrag={[Function]}
    removeClippedSubviews={false}
    renderItem={[Function]}
    scrollEventThrottle={50}
    stickyHeaderIndices={Array []}
    style={
      Object {
        "flexGrow": 1,
        "padding": 16,
      }
    }
    updateCellsBatchingPeriod={50}
    viewabilityConfigCallbackPairs={Array []}
    windowSize={21}
  >
    <View />
  </RCTScrollView>
  <View
    accessible={true}
    focusable={true}
    onClick={[Function]}
    onResponderGrant={[Function]}
    onResponderMove={[Function]}
    onResponderRelease={[Function]}
    onResponderTerminate={[Function]}
    onResponderTerminationRequest={[Function]}
    onStartShouldSetResponder={[Function]}
    style={
      Object {
        "alignItems": "center",
        "backgroundColor": "#7E42F5",
        "borderRadius": 30,
        "bottom": 40,
        "height": 60,
        "justifyContent": "center",
        "opacity": 1,
        "position": "absolute",
        "right": 20,
        "width": 60,
      }
    }
  >
    <Entypo
      color="#FFFFFF"
      name="plus"
      size={30}
    />
  </View>
</View>
`;
